BAT:LD ChandimalCÂ†fBAT:TM DilshanD>‰šÿÿ4ö3t